// Jest Snapshot v1, https://goo.gl/fbAQLP

exports[`flatlist renderItem correctly 1`] = `ShallowWrapper {}`;
